git config --global user.name "shubham lahiri"

git config --global user.email "shubham_lahiri@persistent.com"


$ git config user.email
shubham_lahiri@persistent.com


$ git config --list
core.symlinks=false
core.autocrlf=true
core.fscache=true
color.diff=auto
color.status=auto
color.branch=auto
color.interactive=true
help.format=html
http.sslcainfo=C:/Program Files/Git/mingw64/ssl/certs/ca-bundle.crt
diff.astextplain.textconv=astextplain
rebase.autosquash=true
user.name=shubham lahiri
user.email=shubham_lahiri@persistent.com




$ git init
Initialized empty Git repository in C:/GitDemo/.git/

shubham_lahiri@V-JAVAPYTHON-14 MINGW64 /c/GitDemo (master)          // master is a default branch
$



$ git status
On branch master

Initial commit

Untracked files:
  (use "git add <file>..." to include in what will be committed)

        Commands.txt
        File 1.txt

nothing added to commit but untracked files present (use "git add" to track)


local operations:-


$ git add File1.txt			// In staging area.

$ git rm --cached "File1.txt"		// Remove from staging area	
rm 'File1.txt'



$ git commit -m "First commit: anfield"				// COmmit with a message
[master (root-commit) 31681f2] First commit: anfield
 1 file changed, 1 insertion(+)
 create mode 100644 File1.txt







$ git status
On branch master
Changes not staged for commit:
  (use "git add <file>..." to update what will be committed)				// status after modification
  (use "git checkout -- <file>..." to discard changes in working directory)

        modified:   File1.txt

no changes added to commit (use "git add" and/or "git commit -a")







$ git add *.txt										// to add all file of txt type









$ git commit -am "Direct commit without add"					// direct commit without add
[master b7e6679] Direct commit without add
 1 file changed, 1 insertion(+), 1 deletion(-)
